// Jest Snapshot v1, https://goo.gl/fbAQLP

exports[`SkySelectAirport snapshot with default data 1`] = `
<select
  className="custom-select"
  name=""
  onChange={[Function]}
  value=""
>
  <option
    value=""
  >
    Select Airport
  </option>
</select>
`;
