// Jest Snapshot v1, https://goo.gl/fbAQLP

exports[`SkyCalendarHeader snapshot with current month 1`] = `
<div
  className="header calendar-row flex-middle"
>
  <div
    className="block block-start"
  >
    <div
      className="icon"
      onClick={[Function]}
    >
      chevron_left
    </div>
  </div>
  <div
    className="block block-center"
  >
    <span>
      September 2019
    </span>
  </div>
  <div
    className="block block-end"
    onClick={[Function]}
  >
    <div
      className="icon"
    >
      chevron_right
    </div>
  </div>
</div>
`;
