// Jest Snapshot v1, https://goo.gl/fbAQLP

exports[`SkyCalendarDays snapshot with current Date and current month 1`] = `
<div
  className="main"
>
  <div
    className="calendar-row"
  >
    <div
      className="block cell block-valdisabled"
      onClick={[Function]}
    >
      <span
        className="calendar-date"
      >
        28
      </span>
    </div>
    <div
      className="block cell block-valdisabled"
      onClick={[Function]}
    >
      <span
        className="calendar-date"
      >
        29
      </span>
    </div>
    <div
      className="block cell block-valdisabled"
      onClick={[Function]}
    >
      <span
        className="calendar-date"
      >
        30
      </span>
    </div>
    <div
      className="block cell block-valdisabled"
      onClick={[Function]}
    >
      <span
        className="calendar-date"
      >
        31
      </span>
    </div>
    <div
      className="block cell block-val"
      onClick={[Function]}
    >
      <span
        className="calendar-date"
      >
        1
      </span>
    </div>
    <div
      className="block cell block-val"
      onClick={[Function]}
    >
      <span
        className="calendar-date"
      >
        2
      </span>
    </div>
    <div
      className="block cell block-val"
      onClick={[Function]}
    >
      <span
        className="calendar-date"
      >
        3
      </span>
    </div>
  </div>
  <div
    className="calendar-row"
  >
    <div
      className="block cell block-val"
      onClick={[Function]}
    >
      <span
        className="calendar-date"
      >
        4
      </span>
    </div>
    <div
      className="block cell block-val"
      onClick={[Function]}
    >
      <span
        className="calendar-date"
      >
        5
      </span>
    </div>
    <div
      className="block cell block-val"
      onClick={[Function]}
    >
      <span
        className="calendar-date"
      >
        6
      </span>
    </div>
    <div
      className="block cell block-val"
      onClick={[Function]}
    >
      <span
        className="calendar-date"
      >
        7
      </span>
    </div>
    <div
      className="block cell block-val"
      onClick={[Function]}
    >
      <span
        className="calendar-date"
      >
        8
      </span>
    </div>
    <div
      className="block cell block-val"
      onClick={[Function]}
    >
      <span
        className="calendar-date"
      >
        9
      </span>
    </div>
    <div
      className="block cell block-val"
      onClick={[Function]}
    >
      <span
        className="calendar-date"
      >
        10
      </span>
    </div>
  </div>
  <div
    className="calendar-row"
  >
    <div
      className="block cell block-val"
      onClick={[Function]}
    >
      <span
        className="calendar-date"
      >
        11
      </span>
    </div>
    <div
      className="block cell block-val"
      onClick={[Function]}
    >
      <span
        className="calendar-date"
      >
        12
      </span>
    </div>
    <div
      className="block cell block-val"
      onClick={[Function]}
    >
      <span
        className="calendar-date"
      >
        13
      </span>
    </div>
    <div
      className="block cell block-val"
      onClick={[Function]}
    >
      <span
        className="calendar-date"
      >
        14
      </span>
    </div>
    <div
      className="block cell block-val"
      onClick={[Function]}
    >
      <span
        className="calendar-date"
      >
        15
      </span>
    </div>
    <div
      className="block cell block-val"
      onClick={[Function]}
    >
      <span
        className="calendar-date"
      >
        16
      </span>
    </div>
    <div
      className="block cell block-val"
      onClick={[Function]}
    >
      <span
        className="calendar-date"
      >
        17
      </span>
    </div>
  </div>
  <div
    className="calendar-row"
  >
    <div
      className="block cell block-val"
      onClick={[Function]}
    >
      <span
        className="calendar-date"
      >
        18
      </span>
    </div>
    <div
      className="block cell block-val"
      onClick={[Function]}
    >
      <span
        className="calendar-date"
      >
        19
      </span>
    </div>
    <div
      className="block cell block-val"
      onClick={[Function]}
    >
      <span
        className="calendar-date"
      >
        20
      </span>
    </div>
    <div
      className="block cell block-val"
      onClick={[Function]}
    >
      <span
        className="calendar-date"
      >
        21
      </span>
    </div>
    <div
      className="block cell block-val"
      onClick={[Function]}
    >
      <span
        className="calendar-date"
      >
        22
      </span>
    </div>
    <div
      className="block cell block-val"
      onClick={[Function]}
    >
      <span
        className="calendar-date"
      >
        23
      </span>
    </div>
    <div
      className="block cell block-val"
      onClick={[Function]}
    >
      <span
        className="calendar-date"
      >
        24
      </span>
    </div>
  </div>
  <div
    className="calendar-row"
  >
    <div
      className="block cell block-val"
      onClick={[Function]}
    >
      <span
        className="calendar-date"
      >
        25
      </span>
    </div>
    <div
      className="block cell block-val"
      onClick={[Function]}
    >
      <span
        className="calendar-date"
      >
        26
      </span>
    </div>
    <div
      className="block cell block-val"
      onClick={[Function]}
    >
      <span
        className="calendar-date"
      >
        27
      </span>
    </div>
    <div
      className="block cell block-val"
      onClick={[Function]}
    >
      <span
        className="calendar-date"
      >
        28
      </span>
    </div>
    <div
      className="block cell block-valselected"
      onClick={[Function]}
    >
      <span
        className="calendar-date"
      >
        29
      </span>
    </div>
    <div
      className="block cell block-val"
      onClick={[Function]}
    >
      <span
        className="calendar-date"
      >
        30
      </span>
    </div>
    <div
      className="block cell block-val"
      onClick={[Function]}
    >
      <span
        className="calendar-date"
      >
        31
      </span>
    </div>
  </div>
</div>
`;
